// Jest Snapshot v1, https://goo.gl/fbAQLP

exports[`Search rendered correctly 1`] = `
<div>
  <div
    className="rouletteLabel"
  >
    netflixroulette
  </div>
  <div
    className="findLabel"
  >
    FIND YOUR MOVIE
  </div>
  <div
    className="inputField"
  >
    <input
      aria-label="Search through site content"
      className="siteSearch"
      name="q"
      type="search"
    />
    <button
      className="arrowButton"
      type="submit"
    />
  </div>
  <div
    className="searchPanel"
  >
    <div
      className="searchTitleGenre"
    >
      <div
        className="searchLabel"
      >
        SEARCH BYÂ 
      </div>
      <button
        className="titleButton"
      >
        TITLE
      </button>
      <button
        className="genreButton"
      >
        GENRE
      </button>
    </div>
    <button
      className="searchButton"
    >
      SEARCH
    </button>
  </div>
</div>
`;
