// Jest Snapshot v1, https://goo.gl/fbAQLP

exports[`SortPanel rendered correctly 1`] = `ShallowWrapper {}`;
